[themephi.net/template/eduan/eduan/index-5.html]
[backblue.gif]
[fade.gif]
[index.html]
[themephi.net/template/eduan/eduan/assets/img/favicon.png]
[themephi.net/template/eduan/eduan/assets/css/animate.min.css]
[themephi.net/template/eduan/eduan/assets/css/bootstrap.min.css]
[themephi.net/template/eduan/eduan/assets/css/magnific-popup.css]
[themephi.net/template/eduan/eduan/assets/css/odometer.min.css]
[themephi.net/template/eduan/eduan/assets/css/fontawesome-all.min.css]
[themephi.net/template/eduan/eduan/assets/css/nice-select.css]
[themephi.net/template/eduan/eduan/assets/css/meanmenu.css]
[themephi.net/template/eduan/eduan/assets/css/swiper-bundle.min.css]
[themephi.net/template/eduan/eduan/assets/css/main.css]
[themephi.net/template/eduan/eduan/index.html]
[themephi.net/template/eduan/eduan/assets/img/logo/logo-white.png]
[themephi.net/template/eduan/eduan/assets/img/logo/logo.png]
[themephi.net/template/eduan/eduan/index-2.html]
[themephi.net/template/eduan/eduan/index-3.html]
[themephi.net/template/eduan/eduan/index-4.html]
[themephi.net/template/eduan/eduan/index-6.html]
[themephi.net/template/eduan/eduan/index-7.html]
[themephi.net/template/eduan/eduan/index-8.html]
[themephi.net/template/eduan/eduan/index-9.html]
[themephi.net/template/eduan/eduan/index-10.html]
[themephi.net/template/eduan/eduan/course.html]
[themephi.net/template/eduan/eduan/course-2.html]
[themephi.net/template/eduan/eduan/course-details.html]
[themephi.net/template/eduan/eduan/about.html]
[themephi.net/template/eduan/eduan/team.html]
[themephi.net/template/eduan/eduan/team-details.html]
[themephi.net/template/eduan/eduan/event.html]
[themephi.net/template/eduan/eduan/event-details.html]
[themephi.net/template/eduan/eduan/price.html]
[themephi.net/template/eduan/eduan/gallery.html]
[themephi.net/template/eduan/eduan/sign-up.html]
[themephi.net/template/eduan/eduan/sign-in.html]
[themephi.net/template/eduan/eduan/404.html]
[themephi.net/template/eduan/eduan/blog.html]
[themephi.net/template/eduan/eduan/blog-details.html]
[themephi.net/template/eduan/eduan/contact.html]
[themephi.net/template/eduan/eduan/assets/img/banner/5/bg.jpg]
[themephi.net/template/eduan/eduan/assets/img/banner/2/line.png]
[themephi.net/template/eduan/eduan/assets/img/banner/2/tutor-1.png]
[themephi.net/template/eduan/eduan/assets/img/banner/2/tutor-2.png]
[themephi.net/template/eduan/eduan/assets/img/banner/2/tutor-3.png]
[themephi.net/template/eduan/eduan/assets/img/banner/2/tutor-4.png]
[themephi.net/template/eduan/eduan/assets/img/feature/5/1.jpg]
[themephi.net/template/eduan/eduan/assets/img/course/1/1.jpg]
[themephi.net/template/eduan/eduan/assets/img/course/1/v1.png]
[themephi.net/template/eduan/eduan/assets/img/course/1/2.jpg]
[themephi.net/template/eduan/eduan/assets/img/course/1/v2.png]
[themephi.net/template/eduan/eduan/assets/img/course/1/3.jpg]
[themephi.net/template/eduan/eduan/assets/img/course/1/v3.png]
[themephi.net/template/eduan/eduan/assets/img/course/1/4.jpg]
[themephi.net/template/eduan/eduan/assets/img/course/1/v4.png]
[themephi.net/template/eduan/eduan/assets/img/course/1/5.jpg]
[themephi.net/template/eduan/eduan/assets/img/course/1/v5.png]
[themephi.net/template/eduan/eduan/assets/img/course/1/6.jpg]
[themephi.net/template/eduan/eduan/assets/img/course/1/v6.png]
[themephi.net/template/eduan/eduan/assets/img/course/1/7.jpg]
[themephi.net/template/eduan/eduan/assets/img/course/1/v7.png]
[themephi.net/template/eduan/eduan/assets/img/course/1/8.jpg]
[themephi.net/template/eduan/eduan/assets/img/course/1/v8.png]
[themephi.net/template/eduan/eduan/assets/img/about/4/1.png]
[themephi.net/template/eduan/eduan/assets/img/video/5/bg.jpg]
[themephi.net/template/eduan/eduan/assets/img/teacher/5/1.jpg]
[themephi.net/template/eduan/eduan/assets/img/teacher/5/2.jpg]
[themephi.net/template/eduan/eduan/assets/img/teacher/5/3.jpg]
[themephi.net/template/eduan/eduan/assets/img/event/5/1.jpg]
[themephi.net/template/eduan/eduan/assets/js/jquery.min.js]
[themephi.net/template/eduan/eduan/assets/js/bootstrap.bundle.min.js]
[themephi.net/template/eduan/eduan/assets/js/swiper-bundle.min.js]
[themephi.net/template/eduan/eduan/assets/js/jquery.meanmenu.min.js]
[themephi.net/template/eduan/eduan/assets/js/wow.min.js]
[themephi.net/template/eduan/eduan/assets/js/jquery.nice-select.min.js]
[themephi.net/template/eduan/eduan/assets/js/jquery.scrollUp.min.js]
[themephi.net/template/eduan/eduan/assets/js/jquery.magnific-popup.min.js]
[themephi.net/template/eduan/eduan/assets/js/odometer.min.js]
[themephi.net/template/eduan/eduan/assets/js/appear.min.js]
[themephi.net/template/eduan/eduan/index-5.html]
[themephi.net/template/eduan/eduan/assets/css/bootstrap.min.css]
[themephi.net/template/eduan/eduan/assets/js/main.js]
[themephi.net/template/eduan/eduan/assets/css/animate.min.css]
[themephi.net/template/eduan/eduan/assets/css/magnific-popup.css]
[themephi.net/template/eduan/eduan/assets/webfonts/fa-brands-400.woff2]
[themephi.net/template/eduan/eduan/assets/webfonts/fa-brands-400.ttf]
[themephi.net/template/eduan/eduan/assets/webfonts/fa-duotone-900.woff2]
[themephi.net/template/eduan/eduan/assets/webfonts/fa-duotone-900.ttf]
[themephi.net/template/eduan/eduan/assets/webfonts/fa-light-300.woff2]
[themephi.net/template/eduan/eduan/assets/webfonts/fa-regular-400.woff2]
[themephi.net/template/eduan/eduan/assets/webfonts/fa-solid-900.woff2]
[themephi.net/template/eduan/eduan/assets/webfonts/fa-light-300.ttf]
[themephi.net/template/eduan/eduan/assets/webfonts/fa-thin-100.woff2]
[themephi.net/template/eduan/eduan/assets/webfonts/fa-solid-900.ttf]
[themephi.net/template/eduan/eduan/assets/webfonts/fa-v4compatibility.woff2]
[themephi.net/template/eduan/eduan/assets/webfonts/fa-v4compatibility.ttf]
[themephi.net/template/eduan/eduan/assets/css/fontawesome-all.min.css]
[themephi.net/template/eduan/eduan/assets/css/odometer.min.css]
[themephi.net/template/eduan/eduan/assets/css/nice-select.css]
[themephi.net/template/eduan/eduan/assets/webfonts/fa-regular-400.ttf]
[themephi.net/template/eduan/eduan/assets/img/icon/close.png]
[themephi.net/template/eduan/eduan/assets/css/meanmenu.css]
[themephi.net/template/eduan/eduan/assets/css/swiper-bundle.min.css]
[themephi.net/template/eduan/eduan/assets/webfonts/fa-thin-100.ttf]
[themephi.net/template/eduan/eduan/assets/img/bg/close.png]
[themephi.net/template/eduan/eduan/assets/img/blog/6/1.jpg]
[themephi.net/template/eduan/eduan/assets/css/main.css]
[themephi.net/template/eduan/eduan/assets/img/banner/1/1.png]
[themephi.net/template/eduan/eduan/assets/img/banner/1/3.png]
[themephi.net/template/eduan/eduan/assets/img/banner/1/5.png]
[themephi.net/template/eduan/eduan/assets/img/banner/1/line.png]
[themephi.net/template/eduan/eduan/assets/img/banner/1/banner-img.png]
[themephi.net/template/eduan/eduan/assets/img/banner/1/info_icon.png]
[themephi.net/template/eduan/eduan/assets/img/banner/1/author.jpg]
[themephi.net/template/eduan/eduan/assets/img/banner/1/shape_1.png]
[themephi.net/template/eduan/eduan/assets/img/banner/1/2.png]
[themephi.net/template/eduan/eduan/assets/img/banner/1/4.png]
[themephi.net/template/eduan/eduan/assets/img/brand/h_1.png]
[themephi.net/template/eduan/eduan/assets/img/brand/1.png]
[themephi.net/template/eduan/eduan/assets/img/brand/h_2.png]
[themephi.net/template/eduan/eduan/assets/img/brand/2.png]
[themephi.net/template/eduan/eduan/assets/img/brand/h_3.png]
[themephi.net/template/eduan/eduan/assets/img/brand/3.png]
[themephi.net/template/eduan/eduan/assets/img/brand/h_4.png]
[themephi.net/template/eduan/eduan/assets/img/brand/4.png]
[themephi.net/template/eduan/eduan/assets/img/brand/h_5.png]
[themephi.net/template/eduan/eduan/assets/img/brand/5.png]
[themephi.net/template/eduan/eduan/assets/img/brand/h_6.png]
[themephi.net/template/eduan/eduan/assets/img/brand/6.png]
[themephi.net/template/eduan/eduan/assets/img/category/1/shape-1.png]
[themephi.net/template/eduan/eduan/assets/img/category/1/shape-2.png]
[themephi.net/template/eduan/eduan/assets/img/category/1/shape-3.png]
[themephi.net/template/eduan/eduan/assets/img/category/1/shape-4.png]
[themephi.net/template/eduan/eduan/assets/img/category/1/1.jpg]
[themephi.net/template/eduan/eduan/assets/img/category/1/2.jpg]
[themephi.net/template/eduan/eduan/assets/img/category/1/3.jpg]
[themephi.net/template/eduan/eduan/assets/img/category/1/4.jpg]
[themephi.net/template/eduan/eduan/assets/img/about/1/1.png]
[themephi.net/template/eduan/eduan/assets/img/event/1/bg.jpg]
[themephi.net/template/eduan/eduan/assets/img/event/1/1.jpg]
[themephi.net/template/eduan/eduan/assets/img/event/1/2.jpg]
[themephi.net/template/eduan/eduan/assets/img/event/1/3.jpg]
[themephi.net/template/eduan/eduan/assets/img/testimonial/1/admin-1.jpg]
[themephi.net/template/eduan/eduan/assets/img/testimonial/1/admin-2.jpg]
[themephi.net/template/eduan/eduan/assets/img/testimonial/1/admin-3.jpg]
[themephi.net/template/eduan/eduan/assets/img/testimonial/1/admin-4.jpg]
[themephi.net/template/eduan/eduan/assets/img/testimonial/1/admin-5.jpg]
[themephi.net/template/eduan/eduan/assets/img/testimonial/1/admin-6.jpg]
[themephi.net/template/eduan/eduan/assets/img/blog/1/blog-1.jpg]
[themephi.net/template/eduan/eduan/assets/img/blog/1/blog-2.jpg]
[themephi.net/template/eduan/eduan/assets/img/blog/1/blog-3.jpg]
[themephi.net/template/eduan/eduan/index.html]
[themephi.net/template/eduan/eduan/assets/img/banner/2/banner-bg.png]
[themephi.net/template/eduan/eduan/assets/img/banner/2/shape_1.png]
[themephi.net/template/eduan/eduan/assets/img/banner/2/shape_2.png]
[themephi.net/template/eduan/eduan/assets/img/category/2/1.jpg]
[themephi.net/template/eduan/eduan/assets/img/category/2/2.jpg]
[themephi.net/template/eduan/eduan/assets/img/category/2/3.jpg]
[themephi.net/template/eduan/eduan/assets/img/category/2/4.jpg]
[themephi.net/template/eduan/eduan/assets/img/category/2/5.jpg]
[themephi.net/template/eduan/eduan/assets/img/category/2/6.jpg]
[themephi.net/template/eduan/eduan/assets/img/category/2/7.jpg]
[themephi.net/template/eduan/eduan/assets/img/category/2/8.jpg]
[themephi.net/template/eduan/eduan/assets/img/course/2/1.jpg]
[themephi.net/template/eduan/eduan/assets/img/course/2/author-1.jpg]
[themephi.net/template/eduan/eduan/assets/img/course/2/2.jpg]
[themephi.net/template/eduan/eduan/assets/img/course/2/author-2.jpg]
[themephi.net/template/eduan/eduan/assets/img/course/2/3.jpg]
[themephi.net/template/eduan/eduan/assets/img/course/2/author-3.jpg]
[themephi.net/template/eduan/eduan/assets/img/course/2/4.jpg]
[themephi.net/template/eduan/eduan/assets/img/course/2/author-4.jpg]
[themephi.net/template/eduan/eduan/assets/img/course/2/5.jpg]
[themephi.net/template/eduan/eduan/assets/img/course/2/author-5.jpg]
[themephi.net/template/eduan/eduan/assets/img/course/2/6.jpg]
[themephi.net/template/eduan/eduan/assets/img/course/2/author-6.jpg]
[themephi.net/template/eduan/eduan/assets/img/about/2/shape-5.png]
[themephi.net/template/eduan/eduan/assets/img/about/2/1.jpg]
[themephi.net/template/eduan/eduan/assets/img/about/2/shape-4.png]
[themephi.net/template/eduan/eduan/assets/img/about/2/2.jpg]
[themephi.net/template/eduan/eduan/assets/img/about/2/shape-1.png]
[themephi.net/template/eduan/eduan/assets/img/about/2/shape-2.png]
[themephi.net/template/eduan/eduan/assets/img/about/2/shape-3.png]
[themephi.net/template/eduan/eduan/assets/img/cta/2/1.jpg]
[themephi.net/template/eduan/eduan/assets/img/teacher/2/bg.jpg]
[themephi.net/template/eduan/eduan/assets/img/teacher/2/1.jpg]
[themephi.net/template/eduan/eduan/assets/img/teacher/2/2.jpg]
[themephi.net/template/eduan/eduan/assets/img/teacher/2/3.jpg]
[themephi.net/template/eduan/eduan/assets/img/teacher/2/4.jpg]
[themephi.net/template/eduan/eduan/assets/img/teacher/2/5.jpg]
[themephi.net/template/eduan/eduan/assets/img/teacher/2/6.jpg]
[themephi.net/template/eduan/eduan/assets/img/blog/2/blog-1.jpg]
[themephi.net/template/eduan/eduan/assets/img/blog/2/blog-2.jpg]
[themephi.net/template/eduan/eduan/assets/img/blog/2/blog-3.jpg]
[themephi.net/template/eduan/eduan/index-2.html]
[themephi.net/template/eduan/eduan/assets/img/banner/3/shape-1.png]
[themephi.net/template/eduan/eduan/assets/img/banner/3/banner-img.png]
[themephi.net/template/eduan/eduan/assets/img/banner/3/shape-2.png]
[themephi.net/template/eduan/eduan/assets/img/banner/3/shape-3.png]
[themephi.net/template/eduan/eduan/assets/img/about/3/shape-5.png]
[themephi.net/template/eduan/eduan/assets/img/about/3/1.png]
[themephi.net/template/eduan/eduan/assets/img/about/3/shape-1.png]
[themephi.net/template/eduan/eduan/assets/img/about/3/shape-2.png]
[themephi.net/template/eduan/eduan/assets/img/about/3/shape-3.png]
[themephi.net/template/eduan/eduan/assets/img/about/3/shape-4.png]
[themephi.net/template/eduan/eduan/assets/img/course/3/1.jpg]
[themephi.net/template/eduan/eduan/assets/img/course/3/author-1.jpg]
[themephi.net/template/eduan/eduan/assets/img/course/3/2.jpg]
[themephi.net/template/eduan/eduan/assets/img/course/3/author-2.jpg]
[themephi.net/template/eduan/eduan/assets/img/course/3/3.jpg]
[themephi.net/template/eduan/eduan/assets/img/course/3/author-3.jpg]
[themephi.net/template/eduan/eduan/assets/img/admission/3/1.png]
[themephi.net/template/eduan/eduan/assets/img/admission/3/shape-1.png]
[themephi.net/template/eduan/eduan/assets/img/admission/3/shape-3.png]
[themephi.net/template/eduan/eduan/assets/img/admission/3/shape-2.png]
[themephi.net/template/eduan/eduan/assets/img/teacher/3/1.jpg]
[themephi.net/template/eduan/eduan/assets/img/teacher/3/2.jpg]
[themephi.net/template/eduan/eduan/assets/img/teacher/3/3.jpg]
[themephi.net/template/eduan/eduan/assets/img/testimonial/3/quote.png]
[themephi.net/template/eduan/eduan/assets/img/testimonial/3/1.jpg]
[themephi.net/template/eduan/eduan/assets/img/testimonial/3/2.jpg]
[themephi.net/template/eduan/eduan/assets/img/testimonial/3/shape-1.png]
[themephi.net/template/eduan/eduan/assets/img/testimonial/3/shape-2.png]
[themephi.net/template/eduan/eduan/assets/img/testimonial/3/shape-3.png]
[themephi.net/template/eduan/eduan/assets/img/testimonial/3/shape-4.png]
[themephi.net/template/eduan/eduan/assets/img/blog/3/1.jpg]
[themephi.net/template/eduan/eduan/assets/img/blog/3/2.jpg]
[themephi.net/template/eduan/eduan/assets/img/blog/3/3.jpg]
[themephi.net/template/eduan/eduan/index-3.html]
[themephi.net/template/eduan/eduan/assets/img/banner/4/shape.png]
[themephi.net/template/eduan/eduan/assets/img/banner/4/bg.png]
[themephi.net/template/eduan/eduan/assets/img/course/4/1.jpg]
[themephi.net/template/eduan/eduan/assets/img/course/4/2.jpg]
[themephi.net/template/eduan/eduan/assets/img/course/4/3.jpg]
[themephi.net/template/eduan/eduan/assets/img/education/4/shape-1.png]
[themephi.net/template/eduan/eduan/assets/img/education/4/shape-2.png]
[themephi.net/template/eduan/eduan/assets/img/education/4/bg.jpg]
[themephi.net/template/eduan/eduan/assets/img/faq/4/1.png]
[themephi.net/template/eduan/eduan/assets/img/blog/4/1.jpg]
[themephi.net/template/eduan/eduan/assets/img/blog/4/2.jpg]
[themephi.net/template/eduan/eduan/assets/img/blog/4/3.jpg]
[themephi.net/template/eduan/eduan/index-4.html]
[themephi.net/template/eduan/eduan/assets/img/banner/6/1.jpg]
[themephi.net/template/eduan/eduan/assets/img/banner/6/2.jpg]
[themephi.net/template/eduan/eduan/assets/img/banner/6/3.jpg]
[themephi.net/template/eduan/eduan/assets/img/about/6/1.jpg]
[themephi.net/template/eduan/eduan/assets/img/program/6/1.jpg]
[themephi.net/template/eduan/eduan/assets/img/program/6/2.jpg]
[themephi.net/template/eduan/eduan/assets/img/program/6/3.jpg]
[themephi.net/template/eduan/eduan/assets/img/research/6/1.jpg]
[themephi.net/template/eduan/eduan/assets/img/admission/6/bg.jpg]
[themephi.net/template/eduan/eduan/assets/img/bg/tuition-logo.png]
[themephi.net/template/eduan/eduan/assets/img/campus/6/bg-1.jpg]
[themephi.net/template/eduan/eduan/assets/img/campus/6/bg-2.jpg]
[themephi.net/template/eduan/eduan/assets/img/campus/6/bg-3.jpg]
[themephi.net/template/eduan/eduan/assets/img/event/6/1.jpg]
[themephi.net/template/eduan/eduan/assets/img/teacher/6/1.jpg]
[themephi.net/template/eduan/eduan/assets/img/teacher/6/2.jpg]
[themephi.net/template/eduan/eduan/assets/img/teacher/6/3.jpg]
[themephi.net/template/eduan/eduan/assets/img/testimonial/6/1.jpg]
[themephi.net/template/eduan/eduan/assets/img/cta/7/bg.jpg]
[themephi.net/template/eduan/eduan/assets/img/cta/7/1.png]
[themephi.net/template/eduan/eduan/index-6.html]
[themephi.net/template/eduan/eduan/assets/js/jquery.bxslider.min.js]
[themephi.net/template/eduan/eduan/assets/img/logo/logo-red-light.png]
[themephi.net/template/eduan/eduan/assets/img/logo/logo-red.png]
[themephi.net/template/eduan/eduan/assets/img/banner/7/1.jpg]
[themephi.net/template/eduan/eduan/assets/img/banner/7/2.jpg]
[themephi.net/template/eduan/eduan/assets/img/banner/7/3.jpg]
[themephi.net/template/eduan/eduan/assets/img/banner/7/4.jpg]
[themephi.net/template/eduan/eduan/assets/img/banner/7/thumb-1.jpg]
[themephi.net/template/eduan/eduan/assets/img/banner/7/thumb-2.jpg]
[themephi.net/template/eduan/eduan/assets/img/banner/7/thumb-3.jpg]
[themephi.net/template/eduan/eduan/assets/img/banner/7/thumb-4.jpg]
[themephi.net/template/eduan/eduan/assets/img/about/7/admin.jpg]
[themephi.net/template/eduan/eduan/assets/img/about/7/signature.png]
[themephi.net/template/eduan/eduan/assets/img/about/7/1.png]
[themephi.net/template/eduan/eduan/assets/img/apply/7/1.png]
[themephi.net/template/eduan/eduan/assets/img/apply/7/2.png]
[themephi.net/template/eduan/eduan/assets/img/apply/7/3.png]
[themephi.net/template/eduan/eduan/assets/img/scholarship/7/1.jpg]
[themephi.net/template/eduan/eduan/assets/img/event/7/bg.jpg]
[themephi.net/template/eduan/eduan/index-7.html]
[themephi.net/template/eduan/eduan/assets/img/logo/logo-violet-light.png]
[themephi.net/template/eduan/eduan/assets/img/logo/logo-violet.png]
[themephi.net/template/eduan/eduan/assets/img/banner/8/1.png]
[themephi.net/template/eduan/eduan/assets/img/about/8/a-1.jpg]
[themephi.net/template/eduan/eduan/assets/img/about/8/a-2.jpg]
[themephi.net/template/eduan/eduan/assets/img/about/8/2.png]
[themephi.net/template/eduan/eduan/assets/img/counter/8/bg.jpg]
[themephi.net/template/eduan/eduan/assets/img/course/9/shape.png]
[themephi.net/template/eduan/eduan/assets/img/course/9/1.png]
[themephi.net/template/eduan/eduan/assets/img/course/9/2.png]
[themephi.net/template/eduan/eduan/assets/img/career/1.png]
[themephi.net/template/eduan/eduan/assets/img/career/2.png]
[themephi.net/template/eduan/eduan/assets/img/teacher/8/1.jpg]
[themephi.net/template/eduan/eduan/assets/img/teacher/8/2.jpg]
[themephi.net/template/eduan/eduan/assets/img/teacher/8/3.jpg]
[themephi.net/template/eduan/eduan/assets/img/teacher/8/4.jpg]
[themephi.net/template/eduan/eduan/assets/img/testimonial/8/quote.png]
[themephi.net/template/eduan/eduan/assets/img/testimonial/8/1.jpg]
[themephi.net/template/eduan/eduan/assets/img/testimonial/8/2.jpg]
[themephi.net/template/eduan/eduan/assets/img/testimonial/8/3.jpg]
[themephi.net/template/eduan/eduan/assets/img/testimonial/8/4.jpg]
[themephi.net/template/eduan/eduan/assets/img/testimonial/8/5.jpg]
[themephi.net/template/eduan/eduan/assets/img/testimonial/8/6.jpg]
[themephi.net/template/eduan/eduan/assets/img/testimonial/8/7.jpg]
[themephi.net/template/eduan/eduan/assets/img/blog/8/1.jpg]
[themephi.net/template/eduan/eduan/assets/img/blog/8/2.jpg]
[themephi.net/template/eduan/eduan/assets/img/blog/8/3.jpg]
[themephi.net/template/eduan/eduan/assets/img/instagram/1.jpg]
[themephi.net/template/eduan/eduan/assets/img/instagram/2.jpg]
[themephi.net/template/eduan/eduan/assets/img/instagram/3.jpg]
[themephi.net/template/eduan/eduan/assets/img/instagram/5.jpg]
[themephi.net/template/eduan/eduan/assets/img/brand/8/h_1.png]
[themephi.net/template/eduan/eduan/assets/img/brand/8/1.png]
[themephi.net/template/eduan/eduan/assets/img/brand/8/h_2.png]
[themephi.net/template/eduan/eduan/assets/img/brand/8/2.png]
[themephi.net/template/eduan/eduan/assets/img/brand/8/h_3.png]
[themephi.net/template/eduan/eduan/assets/img/brand/8/3.png]
[themephi.net/template/eduan/eduan/assets/img/brand/8/h_4.png]
[themephi.net/template/eduan/eduan/assets/img/brand/8/4.png]
[themephi.net/template/eduan/eduan/assets/img/brand/8/h_5.png]
[themephi.net/template/eduan/eduan/assets/img/brand/8/5.png]
[themephi.net/template/eduan/eduan/index-8.html]
[themephi.net/template/eduan/eduan/assets/img/logo/logo-blue-light.png]
[themephi.net/template/eduan/eduan/assets/img/logo/logo-blue.png]
[themephi.net/template/eduan/eduan/assets/img/banner/9/1.jpg]
[themephi.net/template/eduan/eduan/assets/img/banner/9/2.jpg]
[themephi.net/template/eduan/eduan/assets/img/banner/9/3.jpg]
[themephi.net/template/eduan/eduan/assets/img/banner/9/4.jpg]
[themephi.net/template/eduan/eduan/assets/img/banner/9/5.jpg]
[themephi.net/template/eduan/eduan/assets/img/faq/9/1.png]
[themephi.net/template/eduan/eduan/assets/img/faq/9/2.png]
[themephi.net/template/eduan/eduan/assets/img/faq/9/3.png]
[themephi.net/template/eduan/eduan/assets/img/faq/9/4.png]
[themephi.net/template/eduan/eduan/assets/img/faq/9/5.png]
[themephi.net/template/eduan/eduan/assets/img/faq/9/6.png]
[themephi.net/template/eduan/eduan/assets/img/faq/9/7.png]
[themephi.net/template/eduan/eduan/assets/img/faq/9/8.png]
[themephi.net/template/eduan/eduan/assets/img/faq/9/9.png]
[themephi.net/template/eduan/eduan/assets/img/faq/9/10.png]
[themephi.net/template/eduan/eduan/assets/img/faq/9/11.png]
[themephi.net/template/eduan/eduan/assets/img/choose/1.png]
[themephi.net/template/eduan/eduan/assets/img/choose/2.png]
[themephi.net/template/eduan/eduan/assets/img/choose/3.png]
[themephi.net/template/eduan/eduan/assets/img/choose/bg-1.jpg]
[themephi.net/template/eduan/eduan/assets/img/choose/bg-2.jpg]
[themephi.net/template/eduan/eduan/assets/img/teacher/9/1.jpg]
[themephi.net/template/eduan/eduan/assets/img/teacher/9/2.jpg]
[themephi.net/template/eduan/eduan/assets/img/teacher/9/3.jpg]
[themephi.net/template/eduan/eduan/assets/img/testimonial/9/1.jpg]
[themephi.net/template/eduan/eduan/assets/img/testimonial/9/2.jpg]
[themephi.net/template/eduan/eduan/assets/img/testimonial/9/3.jpg]
[themephi.net/template/eduan/eduan/index-9.html]
[themephi.net/template/eduan/eduan/h10_event.html]
[themephi.net/template/eduan/eduan/h10_event-details.html]
[themephi.net/template/eduan/eduan/assets/img/banner/10/bg.jpg]
[themephi.net/template/eduan/eduan/assets/img/banner/10/shape-1.png]
[themephi.net/template/eduan/eduan/assets/img/banner/10/shape-2.png]
[themephi.net/template/eduan/eduan/assets/img/banner/10/shape-3.png]
[themephi.net/template/eduan/eduan/assets/img/banner/10/shape-4.png]
[themephi.net/template/eduan/eduan/assets/img/banner/10/shape-5.png]
[themephi.net/template/eduan/eduan/assets/img/banner/10/shape-6.png]
[themephi.net/template/eduan/eduan/assets/img/banner/10/11.png]
[themephi.net/template/eduan/eduan/assets/img/about/10/img-shape.png]
[themephi.net/template/eduan/eduan/assets/img/about/10/shape-1.png]
[themephi.net/template/eduan/eduan/assets/img/about/10/1.png]
[themephi.net/template/eduan/eduan/assets/img/about/10/shape-2.png]
[themephi.net/template/eduan/eduan/assets/img/course/10/1.jpg]
[themephi.net/template/eduan/eduan/assets/img/course/10/2.jpg]
[themephi.net/template/eduan/eduan/assets/img/course/10/3.jpg]
[themephi.net/template/eduan/eduan/assets/img/course/10/4.jpg]
[themephi.net/template/eduan/eduan/assets/img/course/10/5.jpg]
[themephi.net/template/eduan/eduan/assets/img/course/10/6.jpg]
[themephi.net/template/eduan/eduan/assets/img/class/10/shape-1.png]
[themephi.net/template/eduan/eduan/assets/img/class/10/shape-2.png]
[themephi.net/template/eduan/eduan/assets/img/class/10/shape-3.png]
[themephi.net/template/eduan/eduan/assets/img/class/10/1.png]
[themephi.net/template/eduan/eduan/assets/img/event/10/1.jpg]
[themephi.net/template/eduan/eduan/assets/img/event/10/2.jpg]
[themephi.net/template/eduan/eduan/assets/img/event/10/3.jpg]
[themephi.net/template/eduan/eduan/assets/img/testimonial/10/shape-1.png]
[themephi.net/template/eduan/eduan/assets/img/testimonial/10/admin.jpg]
[themephi.net/template/eduan/eduan/assets/img/testimonial/10/admin-2.jpg]
[themephi.net/template/eduan/eduan/assets/img/testimonial/10/1.png]
[themephi.net/template/eduan/eduan/assets/img/bg/contact-bg.jpg]
[themephi.net/template/eduan/eduan/index-10.html]
[themephi.net/template/eduan/eduan/assets/img/breadcrumb/breadcrumb-bg.jpg]
[themephi.net/template/eduan/eduan/assets/img/breadcrumb/shape-1.png]
[themephi.net/template/eduan/eduan/course.html]
[themephi.net/template/eduan/eduan/course-2.html]
[themephi.net/template/eduan/eduan/assets/img/course/details/1.jpg]
[themephi.net/template/eduan/eduan/assets/img/course/details/author.jpg]
[themephi.net/template/eduan/eduan/course-details.html]
[themephi.net/template/eduan/eduan/about.html]
[themephi.net/template/eduan/eduan/assets/img/teacher/2/7.jpg]
[themephi.net/template/eduan/eduan/assets/img/teacher/2/8.jpg]
[themephi.net/template/eduan/eduan/assets/img/teacher/2/9.jpg]
[themephi.net/template/eduan/eduan/assets/img/teacher/2/10.jpg]
[themephi.net/template/eduan/eduan/team.html]
[themephi.net/template/eduan/eduan/team-details.html]
[themephi.net/template/eduan/eduan/event.html]
[themephi.net/template/eduan/eduan/assets/img/event/details/1.jpg]
[themephi.net/template/eduan/eduan/assets/img/event/details/2.jpg]
[themephi.net/template/eduan/eduan/assets/img/event/details/3.jpg]
[themephi.net/template/eduan/eduan/event-details.html]
[themephi.net/template/eduan/eduan/price.html]
[themephi.net/template/eduan/eduan/assets/img/gallery/innerPage/1.jpg]
[themephi.net/template/eduan/eduan/assets/img/gallery/innerPage/2.jpg]
[themephi.net/template/eduan/eduan/assets/img/gallery/innerPage/3.jpg]
[themephi.net/template/eduan/eduan/assets/img/gallery/innerPage/4.jpg]
[themephi.net/template/eduan/eduan/assets/img/gallery/innerPage/5.jpg]
[themephi.net/template/eduan/eduan/assets/img/gallery/innerPage/6.jpg]
[themephi.net/template/eduan/eduan/assets/img/gallery/innerPage/7.jpg]
[themephi.net/template/eduan/eduan/assets/img/gallery/innerPage/8.jpg]
[themephi.net/template/eduan/eduan/assets/img/gallery/innerPage/9.jpg]
[themephi.net/template/eduan/eduan/gallery.html]
[themephi.net/template/eduan/eduan/assets/img/bg/google.png]
[themephi.net/template/eduan/eduan/assets/img/bg/apple.png]
[themephi.net/template/eduan/eduan/assets/img/bg/facebook.png]
[themephi.net/template/eduan/eduan/sign-up.html]
[themephi.net/template/eduan/eduan/sign-in.html]
[themephi.net/template/eduan/eduan/assets/img/404/404.png]
[themephi.net/template/eduan/eduan/404.html]
[themephi.net/template/eduan/eduan/blog.html]
[themephi.net/template/eduan/eduan/assets/img/blog/details/1.jpg]
[themephi.net/template/eduan/eduan/assets/img/blog/details/author-1.jpg]
[themephi.net/template/eduan/eduan/assets/img/blog/details/2.jpg]
[themephi.net/template/eduan/eduan/assets/img/blog/details/author-2.jpg]
[themephi.net/template/eduan/eduan/assets/img/blog/details/author-3.jpg]
[themephi.net/template/eduan/eduan/assets/img/blog/details/author-4.jpg]
[themephi.net/template/eduan/eduan/assets/img/blog/details/post-1.jpg]
[themephi.net/template/eduan/eduan/assets/img/blog/details/post-2.jpg]
[themephi.net/template/eduan/eduan/assets/img/blog/details/post-3.jpg]
[themephi.net/template/eduan/eduan/assets/img/blog/details/course-1.jpg]
[themephi.net/template/eduan/eduan/assets/img/blog/details/course-2.jpg]
[themephi.net/template/eduan/eduan/assets/img/blog/details/course-3.jpg]
[themephi.net/template/eduan/eduan/blog-details.html]
[themephi.net/template/eduan/eduan/contact.html]
[themephi.net/template/eduan/eduan/assets/js/jquery.min.js]
[themephi.net/template/eduan/eduan/assets/js/bootstrap.bundle.min.js]
[themephi.net/template/eduan/eduan/${l}]
[themephi.net/template/eduan/eduan/e]
[themephi.net/template/eduan/eduan/t.params.url]
[themephi.net/template/eduan/eduan/assets/js/swiper-bundle.min.js]
[themephi.net/template/eduan/eduan/assets/js/jquery.meanmenu.min.js]
[themephi.net/template/eduan/eduan/assets/js/wow.min.js]
[themephi.net/template/eduan/eduan/assets/js/jquery.nice-select.min.js]
[themephi.net/template/eduan/eduan/assets/js/jquery.scrollUp.min.js]
[themephi.net/template/eduan/eduan/assets/js/jquery.magnific-popup.min.js]
[themephi.net/template/eduan/eduan/assets/js/odometer.min.js]
[themephi.net/template/eduan/eduan/assets/js/appear.min.js]
[themephi.net/template/eduan/eduan/assets/js/main.js]
[themephi.net/template/eduan/eduan/assets/img/icon/close.html]
[themephi.net/template/eduan/eduan/assets/js/jquery.bxslider.min.js]
[themephi.net/template/eduan/eduan/h10_event.html]
[themephi.net/template/eduan/eduan/h10_event-details.html]
[themephi.net/template/eduan/eduan/${l}.html]
[themephi.net/template/eduan/eduan/e.html]
[themephi.net/template/eduan/eduan/t.params.html]
